# Simple server test script.  Consists of commands to send and the expected
# response, the test_exchange script validates this.

# First check for out of order return
< *ECHO One response?
< *ECHO Second?
> OK =One response
> OK =Second

# Start with the identification exchange
# < *IDN?
# > OK =PandA
#
# < *IDN?
# > OK =PandA

# Simple echo command
< *ECHO this is an echo?
> OK =this is an echo

< *ECHO?
> ERR Character ' ' expected

# The simplest meta-data inquiry.
# Note that the order of the returned values depends on both the internal
# hashtable implementation and the ordering in the config file.
< *BLOCKS?
> !TTLIN 6
> !SFP 1
> !OUTENC 4
> !PCAP 1
> !PCOMP 4
> !SFP_TX 1
> !TTLOUT 10
> !ADC 8
> !DUMMY 5
> !DIV 4
> !INENC 4
> !SLOW 1
> !PGEN 2
> !SFP_RX 1
> !LVDSIN 2
> !POSENC 4
> !SEQ 4
> !PULSE 4
> !SRGATE 4
> !FMC 1
> !LUT 8
> !LVDSOUT 2
> !COUNTER 8
> !ADDER 2
> !CLOCKS 1
> !INTERVAL 3
> !SYSTEM 1
> !BITS 1
> !QDEC 4
> .

# Now we can read and write some I/O fields
< TTLOUT1.VAL=TTLIN3.VAL
> OK

< TTLOUT1.VAL?
> OK =TTLIN3.VAL

< TTLOUT0.VAL=TTLIN0.VAL
< TTLOUT1.VAL=TTLIN1.VAL
< TTLOUT2.VAL=TTLIN2.VAL
< TTLOUT3.VAL=TTLIN3.VAL
< TTLOUT4.VAL=TTLIN4.VAL
< TTLOUT5.VAL=TTLIN5.VAL
< TTLOUT6.VAL=TTLIN0.VAL
< TTLOUT7.VAL=TTLIN1.VAL
< TTLOUT8.VAL=TTLIN2.VAL
< TTLOUT9.VAL=TTLIN3.VAL
< TTLOUT10.VAL=TTLIN3.VAL
> ERR Invalid block number
> OK
> OK
> OK
> OK
> OK
> ERR Invalid bit bus selection
> OK
> OK
> OK
> OK

< TTLOUT0.VAL?
< TTLOUT1.VAL?
< TTLOUT2.VAL?
< TTLOUT3.VAL?
< TTLOUT4.VAL?
< TTLOUT5.VAL?
< TTLOUT7.VAL?
< TTLOUT8.VAL?
< TTLOUT9.VAL?
> ERR Invalid block number
> OK =TTLIN1.VAL
> OK =TTLIN2.VAL
> OK =TTLIN3.VAL
> OK =TTLIN4.VAL
> OK =TTLIN5.VAL
> OK =TTLIN1.VAL
> OK =TTLIN2.VAL
> OK =TTLIN3.VAL

# Now a few top level error responses
< x
> ERR Unknown command

< *IDN?x
> ERR Unexpected text after command

< *x?
> ERR Unknown command

< *x=
> ERR Unknown command

< TTLIN.*=
> ERR Field not writeable


# Testing the parsing of entity names.  As these are quite complex there are a
# lot of error possibilities to work through.

< ?
> ERR No name found

< xxxxxxxxxxxxxxxxxxxxxxxxxxxxxxxxxxxxxxxx?
> ERR Name too long

< x?
> ERR No such block

< TTLIN?
> ERR Missing field name

< TTLIN23?
> ERR Invalid block number

< TTLIN2?
> ERR Missing field name

< TTLIN2.x?
> ERR No such field

< TTLIN.VAL?
> ERR Missing block number

< TTLIN.VAL.?
> ERR Missing block number

< TTLIN1.VAL.?
> ERR No name found

< *IDN<
< 123
<
> ERR Not a table

< TTLIN2.VAL<
< 123
<
> ERR Field is not a table

< TTLIN.*?
> !VAL 1 bit_out
> !TERM 0 param enum
> .

< TTLIN2.VAL=x
> ERR Field not writeable

< TTLIN2.VAL=0
> ERR Field not writeable

< TTLIN2.TERM=High-Z
> OK

< TTLIN2.TERM?
> OK =High-Z

< *ENUMS.TTLIN2.TERM?
> !High-Z
> !50-Ohm
> .

< TTLIN2.TERM=50-Ohm
> OK

< TTLIN2.TERM.RAW?
< TTLIN2.TERM?
> ERR No such attribute
> OK =50-Ohm

< TTLIN2.TERM=blah
> ERR Invalid enumeration value

< INENC3.BITS=33
> OK

< INENC3.BITS?
> OK =33

< INENC3.BITS=64
> ERR Number out of range

# Writing a value

< INENC1.SETP=23
> OK


< PCOMP2.TABLE<
< 1 2 3 4 5 6 7 8
< 9
<
> OK

< PCOMP2.TABLE.LENGTH?
> OK =9

< PCOMP2.TABLE<B
< 123456789ab
< ABCdef
<
> OK

< PCOMP2.TABLE.LENGTH?
> OK =3

< PCOMP2.TABLE<<
< 1 2 3 4 5 6 7 8
< 9
<
> OK

< PCOMP2.TABLE.LENGTH?
> OK =12

< SEQ2.TABLE<
< 1 2 3 4 5 6 7 8
< 9
<
> ERR Table write is not a whole number of rows

< SEQ2.TABLE<
< 1 2 3 4 5 6 7 8
<
> OK

< SEQ2.TABLE<B
< 1234567
<
> ERR Invalid data length

< SEQ2.TABLE<B
< 123456789AB123456789AB=
<
> ERR Malformed base64 string

< SEQ2.TABLE<B
< 123456789AB123456789AB==
<
> OK

< SEQ2.TABLE<<
< 1 2 3 4 5 6 7 8
<
> OK

< SEQ2.TABLE?
> !3891817943
> !16055470
> !964615029
> !4046827
> !1
> !2
> !3
> !4
> !5
> !6
> !7
> !8
> .


< TTLIN.VAL.*?
> !CAPTURE_WORD
> !OFFSET
> !INFO
> .

< DIV.DIVISOR.*?
> !MAX
> !INFO
> .

< DIV1.DIVISOR.MAX?
> OK =4294967295

< INENC1.BITS.MAX?
> OK =63

< TTLIN2.TERM.ENUMS?
> ERR No such attribute

< TTLIN2.TERM.ENUMS=x
> ERR No such attribute


# There's a surprising delay on the block operations.  Try doing them all in one
# go instead.
< PCOMP2.TABLE<
< 1 2 3 4 5 6 7 8
< 9
<
< PCOMP2.TABLE<B
< 123456789AB=
<
< PCOMP2.TABLE<<
< 1 2 3 4 5 6 7 8
< 9
<
> OK
> OK
> OK

# Testing position fields
< INENC1.VAL.*?
> !UNITS
> !SCALED
> !OFFSET
> !SCALE
> !CAPTURE
> !INFO
> .


< INENC1.VAL.SCALE=0.1
> OK

< INENC1.VAL.OFFSET=100.3
> OK

< INENC1.VAL.SCALED?
> OK =100.3

< INENC1.VAL?
> OK =0

< INENC1.VAL.SCALE?
> OK =0.1

< INENC1.VAL.OFFSET?
> OK =100.3

< INENC1.VAL.UNITS=mm
> OK

< INENC1.VAL.UNITS?
> OK =mm

< *ENUMS.INENC1.CLK_PERIOD.UNITS?
> !min
> !s
> !ms
> !us
> .

# LUT
< LUT.*?
> !OUT 6 bit_out
> !FUNC 0 param lut
> !INPB 2 bit_mux
> !INPC 3 bit_mux
> !INPA 1 bit_mux
> !INPD 4 bit_mux
> !INPE 5 bit_mux
> .

< LUT1.INPC.INFO?
> OK =bit_mux

< LUT.FUNC.*?
> !INFO
> !RAW
> .

< LUT1.FUNC=0x123
> OK

< LUT1.FUNC?
> OK =0x123

< LUT1.FUNC.RAW?
> OK =0x00000123

< LUT1.FUNC=A&B|C=>D^E
> OK

< LUT1.FUNC=A&F
> ERR Invalid token

< LUT1.FUNC?
> OK =A&B|C=>D^E

# Description fields
< *DESC.TTLIN?
> OK =TTL input

< *DESC.TTLIN.TERM?
> OK =Select TTL input termination

< *DESC.TTLIN.TERM.INFO?
> OK =Class information for field

# Capture and capture index
< *CAPTURE=
> OK

< *CAPTURE?
> .

< TTLIN1.VAL.CAPTURE?
< TTLIN1.VAL.CAPTURE_WORD?
> ERR No such attribute
> OK =PCAP.BITS0

< PCAP.BITS0.CAPTURE?
> OK =No

< *ENUMS.PCAP.BITS0.CAPTURE?
> !No
> !Value
> .

< PCAP.BITS0.CAPTURE=1
< PCAP.BITS0.CAPTURE=Value
> ERR Invalid capture option
> OK

< *CAPTURE?
> !PCAP.BITS0 Value
> .

< INENC2.VAL.CAPTURE=Value
> OK

< *CAPTURE?
> !INENC2.VAL Value
> !PCAP.BITS0 Value
> .

# Change reporting
< *CHANGES.CONFIG=
> OK

< *CHANGES.CONFIG?
> .

< *CHANGES.ATTR=
> OK

< *CHANGES.ATTR?
> .

< INENC2.VAL.CAPTURE=Mean
> OK

< *CHANGES.ATTR?
> !INENC2.VAL.CAPTURE=Mean
> .

# Pulse time
< PULSE1.DELAY.UNITS=s
> OK

< PULSE1.DELAY=10
> OK

< PULSE1.DELAY.UNITS=ms
< PULSE1.DELAY?
< PULSE1.DELAY.UNITS=s
> OK
> OK =10000
> OK

< PULSE1.DELAY?
> OK =10

< PULSE1.DELAY=2251799
> OK

< PULSE1.DELAY?
> OK =2251799

< PULSE1.DELAY=2251800
> ERR Time setting out of range

< PULSE1.DELAY=1e99
> ERR Time setting out of range

< PULSE1.DELAY.RAW=3
> ERR Value too small

< PULSE1.DELAY=2e-8
> ERR Value too small

# Table support
< SEQ.TABLE.*?
> !MAX_LENGTH
> !B
> !ROW_WORDS
> !LENGTH
> !FIELDS
> !INFO
> .

< SEQ1.TABLE.FIELDS?
> !15:0 REPEATS uint
> !19:16 TRIGGER enum
> !63:32 POSITION int
> !95:64 TIME1 uint
> !20:20 OUTA1 uint
> !21:21 OUTB1 uint
> !22:22 OUTC1 uint
> !23:23 OUTD1 uint
> !24:24 OUTE1 uint
> !25:25 OUTF1 uint
> !127:96 TIME2 uint
> !26:26 OUTA2 uint
> !27:27 OUTB2 uint
> !28:28 OUTC2 uint
> !29:29 OUTD2 uint
> !30:30 OUTE2 uint
> !31:31 OUTF2 uint
> .

< SEQ1.TABLE.MAX_LENGTH?
> OK =512

< SEQ1.TABLE<
<
> OK

< SEQ1.TABLE.LENGTH?
> OK =0

< SEQ1.TABLE<
< 1 2 3 4
<
> OK

< SEQ1.TABLE.LENGTH?
> OK =4

< SEQ1.TABLE.B?
> !AQAAAAIAAAADAAAABAAAAA==
> .

# Somewhat more challenging test taken from wikipedia.
< SEQ1.TABLE<B
< TWFuIGlzIGRpc3Rpbmd1aXNoZWQsIG5vdCBvbmx5IGJ5IGhpcyByZWFzb24sIGJ1
< dCBieSB0aGlzIHNpbmd1bGFyIHBhc3Npb24gZnJvbQo=
<
> OK

< SEQ1.TABLE.LENGTH?
> OK =20

< SEQ1.TABLE.B?
> !TWFuIGlzIGRpc3Rpbmd1aXNoZWQsIG5vdCBvbmx5IGJ5IGhpcyByZWFzb24sIGJ1
> !dCBieSB0aGlzIHNpbmd1bGFyIHBhc3Npb24gZnJvbQo=
> .

< *DESC.SEQ1.TABLE[].TIME1?
> OK =The time the optional phase 1 should take

# Test some malformed table writes

# First, writes are taken until blank line, even if malformed
< X<blalba
< dfdex
< xxx
<
> ERR Unexpected character after input

# Next check that a broken write does nothing
< SEQ1.TABLE<
< 1234
< 999
< broken
<
< SEQ1.TABLE.LENGTH?
> ERR Number missing
> OK =20

# Now check some malformed base 64 writes
< SEQ1.TABLE<B
< abcdefgh
<
> ERR Invalid data length

< SEQ1.TABLE<B
< abcd*xyz
<
> ERR Malformed base64 string


# Check for change readbacks

< BITS.A=0
< BITS.OUTA?
< BITS.A=1
< BITS.OUTA?
> OK
> OK =0
> OK
> OK =0

# Turn the clocks off!
< CLOCKS.A_PERIOD=0
< CLOCKS.B_PERIOD=0
< CLOCKS.C_PERIOD=0
< CLOCKS.D_PERIOD=0
> OK
> OK
> OK
> OK

# Check that *CHANGES.BITS= actually works
< BITS.A=0
< BITS.A=1
< *CHANGES.BITS=
< *CHANGES.BITS?
> OK
> OK
> OK
> .

# Ok, this is what we expect
< BITS.OUTA?
< BITS.A=0
< BITS.OUTA?
< BITS.A=1
< BITS.OUTA?
> OK =0
> OK
> OK =0
> OK
> OK =0

< BITS.A=0
< *CHANGES.BITS?
< *CHANGES.BITS?
> OK
> .
> .

# Add some position capture tests
< PCAP.*?
> !BITS1 12 ext_out bits
> !TS_END 8 ext_out timestamp
> !GATE 1 bit_mux
> !TS_START 7 ext_out timestamp
> !ACTIVE 6 bit_out
> !ENABLE 0 bit_mux
> !BITS2 13 ext_out bits
> !CAPTURE 2 bit_mux
> !CAPTURE_EDGE 3 param enum
> !BITS3 14 ext_out bits
> !SHIFT_SUM 4 param uint
> !TS_CAPTURE 9 ext_out timestamp
> !HEALTH 5 read enum
> !SAMPLES 10 ext_out samples
> !BITS0 11 ext_out bits
> .

# Capture enums
< *ENUMS.INENC.VAL.CAPTURE?
> !No
> !Value
> !Diff
> !Sum
> !Mean
> !Min
> !Max
> !Min Max
> !Min Max Mean
> !StdDev
> !Mean StdDev
> .

# Global capture options
< *PCAP.CAPTURE_OPTIONS?
> !Value
> !Diff
> !Sum
> !Min
> !Max
> !Mean
> !StdDev
> .

< INENC1.VAL.CAPTURE=No
< INENC1.VAL.CAPTURE?
< INENC1.VAL.CAPTURE=Value
< INENC1.VAL.CAPTURE?
< INENC1.VAL.CAPTURE=Diff
< INENC1.VAL.CAPTURE?
< INENC1.VAL.CAPTURE=Mean
< INENC1.VAL.CAPTURE?
> OK
> OK =No
> OK
> OK =Value
> OK
> OK =Diff
> OK
> OK =Mean

< *ENUMS.PCAP.TS_START.CAPTURE?
< PCAP.TS_START?
> !No
> !Value
> .
> ERR Field not readable

# At the moment the capture state for this field is stuck at No
< PCAP.TS_START.CAPTURE=Value
< PCAP.TS_START.CAPTURE?
> OK
> OK =Value

# Test table field enumerations
< *ENUMS.SEQ1.TABLE[].TRIGGER?
> !Immediate
> !BITA=0
> !BITA=1
> !BITB=0
> !BITB=1
> !BITC=0
> !BITC=1
> !POSA>=POSITION
> !POSA<=POSITION
> !POSB>=POSITION
> !POSB<=POSITION
> !POSC>=POSITION
> !POSC<=POSITION
> .

# Simple tests of metadata
< *METADATA.LABEL_BLAH1=This is a test string
> OK

< *METADATA.LABEL_BLAH1?
> OK =This is a test string

< *METADATA.MODEL?
> OK =String describing model

< *METADATA.MODEL=BOO
> ERR Cannot write to this field

< SYSTEM.TEMP_ZYNQ?
> ERR Extension server exception

< DUMMY1.DUMMY_W=99
> ERR Extension server exception
